src/app/corporate/page.tsx(41,22): error TS2322: Type '{ children: Element[]; className: string; initial: { opacity: number; y: number; }; whileInView: { opacity: number; y: number; }; viewport: { once: boolean; }; transition: { duration: number; ease: number[]; }; }' is not assignable to type 'Omit<HTMLMotionProps<"div">, "ref">'.
  Types of property 'transition' are incompatible.
    Type '{ duration: number; ease: number[]; }' is not assignable to type 'Transition<any> | undefined'.
      Type '{ duration: number; ease: number[]; }' is not assignable to type 'TransitionWithValueOverrides<any>'.
        Type '{ duration: number; ease: number[]; }' is not assignable to type 'ValueAnimationTransition<any>'.
          Types of property 'ease' are incompatible.
            Type 'number[]' is not assignable to type 'Easing | Easing[] | undefined'.
              Type 'number[]' is not assignable to type 'EasingFunction | Easing[]'.
                Type 'number[]' is not assignable to type 'Easing[]'.
                  Type 'number' is not assignable to type 'Easing'.
src/app/how-it-works/page.tsx(25,22): error TS2322: Type '{ children: Element[]; className: string; initial: { opacity: number; y: number; }; whileInView: { opacity: number; y: number; }; viewport: { once: boolean; }; transition: { duration: number; ease: number[]; }; }' is not assignable to type 'Omit<HTMLMotionProps<"div">, "ref">'.
  Types of property 'transition' are incompatible.
    Type '{ duration: number; ease: number[]; }' is not assignable to type 'Transition<any> | undefined'.
      Type '{ duration: number; ease: number[]; }' is not assignable to type 'TransitionWithValueOverrides<any>'.
        Type '{ duration: number; ease: number[]; }' is not assignable to type 'ValueAnimationTransition<any>'.
          Types of property 'ease' are incompatible.
            Type 'number[]' is not assignable to type 'Easing | Easing[] | undefined'.
              Type 'number[]' is not assignable to type 'EasingFunction | Easing[]'.
                Type 'number[]' is not assignable to type 'Easing[]'.
                  Type 'number' is not assignable to type 'Easing'.
src/app/how-it-works/page.tsx(65,22): error TS2322: Type '{ children: Element[]; className: string; initial: { opacity: number; y: number; }; whileInView: { opacity: number; y: number; }; viewport: { once: boolean; }; transition: { duration: number; ease: number[]; }; }' is not assignable to type 'Omit<HTMLMotionProps<"div">, "ref">'.
  Types of property 'transition' are incompatible.
    Type '{ duration: number; ease: number[]; }' is not assignable to type 'Transition<any> | undefined'.
      Type '{ duration: number; ease: number[]; }' is not assignable to type 'TransitionWithValueOverrides<any>'.
        Type '{ duration: number; ease: number[]; }' is not assignable to type 'ValueAnimationTransition<any>'.
          Types of property 'ease' are incompatible.
            Type 'number[]' is not assignable to type 'Easing | Easing[] | undefined'.
              Type 'number[]' is not assignable to type 'EasingFunction | Easing[]'.
                Type 'number[]' is not assignable to type 'Easing[]'.
                  Type 'number' is not assignable to type 'Easing'.
src/app/page.tsx(64,12): error TS2322: Type '{ children: Element[]; className: string; initial: { opacity: number; y: number; }; whileInView: { opacity: number; y: number; }; viewport: { once: boolean; }; transition: { duration: number; ease: number[]; }; }' is not assignable to type 'Omit<HTMLMotionProps<"div">, "ref">'.
  Types of property 'transition' are incompatible.
    Type '{ duration: number; ease: number[]; }' is not assignable to type 'Transition<any> | undefined'.
      Type '{ duration: number; ease: number[]; }' is not assignable to type 'TransitionWithValueOverrides<any>'.
        Type '{ duration: number; ease: number[]; }' is not assignable to type 'ValueAnimationTransition<any>'.
          Types of property 'ease' are incompatible.
            Type 'number[]' is not assignable to type 'Easing | Easing[] | undefined'.
              Type 'number[]' is not assignable to type 'EasingFunction | Easing[]'.
                Type 'number[]' is not assignable to type 'Easing[]'.
                  Type 'number' is not assignable to type 'Easing'.
src/app/page.tsx(108,12): error TS2322: Type '{ children: string; className: string; initial: { opacity: number; y: number; }; whileInView: { opacity: number; y: number; }; viewport: { once: boolean; }; transition: { duration: number; ease: number[]; }; }' is not assignable to type 'Omit<HTMLMotionProps<"span">, "ref">'.
  Types of property 'transition' are incompatible.
    Type '{ duration: number; ease: number[]; }' is not assignable to type 'Transition<any> | undefined'.
      Type '{ duration: number; ease: number[]; }' is not assignable to type 'TransitionWithValueOverrides<any>'.
        Type '{ duration: number; ease: number[]; }' is not assignable to type 'ValueAnimationTransition<any>'.
          Types of property 'ease' are incompatible.
            Type 'number[]' is not assignable to type 'Easing | Easing[] | undefined'.
              Type 'number[]' is not assignable to type 'EasingFunction | Easing[]'.
                Type 'number[]' is not assignable to type 'Easing[]'.
                  Type 'number' is not assignable to type 'Easing'.
src/app/page.tsx(109,12): error TS2322: Type '{ children: string; className: string; initial: { opacity: number; y: number; }; whileInView: { opacity: number; y: number; }; viewport: { once: boolean; }; transition: { duration: number; ease: number[]; }; }' is not assignable to type 'Omit<HTMLMotionProps<"h2">, "ref">'.
  Types of property 'transition' are incompatible.
    Type '{ duration: number; ease: number[]; }' is not assignable to type 'Transition<any> | undefined'.
      Type '{ duration: number; ease: number[]; }' is not assignable to type 'TransitionWithValueOverrides<any>'.
        Type '{ duration: number; ease: number[]; }' is not assignable to type 'ValueAnimationTransition<any>'.
          Types of property 'ease' are incompatible.
            Type 'number[]' is not assignable to type 'Easing | Easing[] | undefined'.
              Type 'number[]' is not assignable to type 'EasingFunction | Easing[]'.
                Type 'number[]' is not assignable to type 'Easing[]'.
                  Type 'number' is not assignable to type 'Easing'.
src/app/page.tsx(143,12): error TS2322: Type '{ children: string; className: string; initial: { opacity: number; y: number; }; whileInView: { opacity: number; y: number; }; viewport: { once: boolean; }; transition: { duration: number; ease: number[]; }; }' is not assignable to type 'Omit<HTMLMotionProps<"h2">, "ref">'.
  Types of property 'transition' are incompatible.
    Type '{ duration: number; ease: number[]; }' is not assignable to type 'Transition<any> | undefined'.
      Type '{ duration: number; ease: number[]; }' is not assignable to type 'TransitionWithValueOverrides<any>'.
        Type '{ duration: number; ease: number[]; }' is not assignable to type 'ValueAnimationTransition<any>'.
          Types of property 'ease' are incompatible.
            Type 'number[]' is not assignable to type 'Easing | Easing[] | undefined'.
              Type 'number[]' is not assignable to type 'EasingFunction | Easing[]'.
                Type 'number[]' is not assignable to type 'Easing[]'.
                  Type 'number' is not assignable to type 'Easing'.
src/app/page.tsx(253,12): error TS2322: Type '{ children: Element[]; className: string; initial: { opacity: number; y: number; }; whileInView: { opacity: number; y: number; }; viewport: { once: boolean; }; transition: { duration: number; ease: number[]; }; }' is not assignable to type 'Omit<HTMLMotionProps<"div">, "ref">'.
  Types of property 'transition' are incompatible.
    Type '{ duration: number; ease: number[]; }' is not assignable to type 'Transition<any> | undefined'.
      Type '{ duration: number; ease: number[]; }' is not assignable to type 'TransitionWithValueOverrides<any>'.
        Type '{ duration: number; ease: number[]; }' is not assignable to type 'ValueAnimationTransition<any>'.
          Types of property 'ease' are incompatible.
            Type 'number[]' is not assignable to type 'Easing | Easing[] | undefined'.
              Type 'number[]' is not assignable to type 'EasingFunction | Easing[]'.
                Type 'number[]' is not assignable to type 'Easing[]'.
                  Type 'number' is not assignable to type 'Easing'.
